2025-05-26 01:09:51,637 - INFO - 日志系统初始化完成
2025-05-26 01:09:51,660 - INFO - 开始初始化视频播放器
2025-05-26 01:09:51,668 - INFO - 开始创建标签页
2025-05-26 01:09:51,676 - INFO - 开始创建视频列表界面
2025-05-26 01:09:51,696 - INFO - 开始更新剧集列表
2025-05-26 01:09:51,697 - INFO - 剧集列表更新完成，显示所有剧集
2025-05-26 01:09:51,697 - INFO - 视频列表界面创建完成
2025-05-26 01:09:51,704 - INFO - 标签页创建完成
2025-05-26 01:09:51,704 - INFO - 开始加载配置文件
2025-05-26 01:09:51,707 - INFO - 配置文件加载成功
2025-05-26 01:09:51,708 - INFO - 视频播放器初始化完成
2025-05-26 01:09:52,715 - INFO - 跳过更新 仙逆: 距离上次更新不足1小时
2025-05-26 01:09:52,715 - INFO - 跳过更新 万界至尊: 距离上次更新不足1小时
2025-05-26 01:09:52,715 - INFO - 跳过更新 吞噬星空: 距离上次更新不足1小时
2025-05-26 01:09:52,715 - INFO - 跳过更新 一念永恒第三季: 距离上次更新不足1小时
2025-05-26 01:09:52,715 - INFO - 跳过更新 遮天: 距离上次更新不足1小时
2025-05-26 01:09:52,715 - INFO - 跳过更新 完美世界: 距离上次更新不足1小时
2025-05-26 01:09:52,715 - INFO - 跳过更新 斗罗大陆Ⅱ绝世唐门: 距离上次更新不足1小时
2025-05-26 01:09:52,715 - INFO - 跳过更新 斗破苍穹 年番: 距离上次更新不足1小时
2025-05-26 01:09:52,715 - INFO - 跳过更新 剑道第一仙: 距离上次更新不足1小时
2025-05-26 01:09:52,715 - INFO - 跳过更新 凡人修仙传: 距离上次更新不足1小时
2025-05-26 01:09:52,715 - INFO - 跳过更新 牧神记: 距离上次更新不足1小时
2025-05-26 01:09:52,716 - INFO - 跳过更新 最强升级: 距离上次更新不足1小时
2025-05-26 01:09:52,716 - INFO - 跳过更新 永生: 距离上次更新不足1小时
2025-05-26 01:09:52,716 - INFO - 跳过更新 神印王座剧场版：伊莱克斯传奇: 距离上次更新不足1小时
2025-05-26 01:09:52,726 - INFO - 开始加载配置文件
2025-05-26 01:09:52,729 - INFO - 配置文件加载成功
2025-05-26 01:09:52,729 - INFO - 开始更新剧集列表
2025-05-26 01:09:52,731 - INFO - 剧集列表更新完成，显示所有剧集
2025-05-26 01:09:57,391 - INFO - 成功保存播放历史: 牧神记{'last_update': '2025-05-26 01:09:57', 'total_episodes': 0, 'url': 'https://www.moduzy5.com/vod/44262/', 'episode_number': 31, 'last_played': '第32集', 'last_played_time': 609.358072}
2025-05-26 01:09:57,393 - INFO - 正在播放: 10, URL: https://www.moduzy5.com/vod/44262/
2025-05-26 01:09:57,393 - INFO - Player正在播放: 牧神记
2025-05-26 01:09:57,393 - INFO - 找到播放历史记录: 第32集, 时间点: 609.358072ms
2025-05-26 01:09:57,393 - INFO - 从历史文件加载播放历史: 第32集, 时间点: 609.358072ms
2025-05-26 01:09:57,393 - INFO - 视频播放器初始化完成, 参数: {'video_url': 'https://play.modujx11.com/20250525/cQIZUzsT/index.m3u8', 'video_title': '牧神记 - 第32集', 'video_list_length': 32, 'current_index': 32}
2025-05-26 01:09:57,394 - INFO - video_list: [{'title': '第01集', 'url': 'https://play.modujx16.com/20241027/MWaiewzm/index.m3u8'}, {'title': '第02集', 'url': 'https://play.modujx16.com/20241027/k12WLrad/index.m3u8'}, {'title': '第03集', 'url': 'https://play.modujx16.com/20241103/5l76aLc7/index.m3u8'}, {'title': '第04集', 'url': 'https://play.modujx16.com/20241110/WrP4YQYs/index.m3u8'}, {'title': '第05集', 'url': 'https://play.modujx16.com/20241117/SjcfZNCD/index.m3u8'}, {'title': '第06集', 'url': 'https://play.modujx16.com/20241124/YS605J3F/index.m3u8'}, {'title': '第07集', 'url': 'https://play.modujx16.com/20241201/qibX48kr/index.m3u8'}, {'title': '第08集', 'url': 'https://play.modujx16.com/20241208/7UHBhfhD/index.m3u8'}, {'title': '第09集', 'url': 'https://play.modujx16.com/20241215/swbANpjZ/index.m3u8'}, {'title': '第10集', 'url': 'https://play.modujx16.com/20241222/9X9pUMdf/index.m3u8'}, {'title': '第11集', 'url': 'https://play.modujx11.com/20241229/Q3WIdhPh/index.m3u8'}, {'title': '第12集', 'url': 'https://play.modujx11.com/20250105/PiOT9Nyy/index.m3u8'}, {'title': '第13集', 'url': 'https://play.modujx11.com/20250112/Bfdj6SVr/index.m3u8'}, {'title': '第14集', 'url': 'https://play.modujx11.com/20250119/IuVpmJ3U/index.m3u8'}, {'title': '第15集', 'url': 'https://play.modujx11.com/20250126/HEmtc6EY/index.m3u8'}, {'title': '第16集', 'url': 'https://play.modujx11.com/20250202/09s3Zxno/index.m3u8'}, {'title': '第17集', 'url': 'https://play.modujx11.com/20250209/1q69bPiE/index.m3u8'}, {'title': '第18集', 'url': 'https://play.modujx11.com/20250216/8cNLwnZV/index.m3u8'}, {'title': '第19集', 'url': 'https://play.modujx11.com/20250223/FsFIObQ2/index.m3u8'}, {'title': '第20集', 'url': 'https://play.modujx11.com/20250302/TmhzAQXc/index.m3u8'}, {'title': '第21集', 'url': 'https://play.modujx11.com/20250309/Rj0cJPpC/index.m3u8'}, {'title': '第22集', 'url': 'https://play.modujx11.com/20250316/DkuGavhe/index.m3u8'}, {'title': '第23集', 'url': 'https://play.modujx11.com/20250323/RaHUSc6n/index.m3u8'}, {'title': '第24集', 'url': 'https://play.modujx11.com/20250330/dunUgRiq/index.m3u8'}, {'title': '第25集', 'url': 'https://play.modujx11.com/20250406/ixp7SCOu/index.m3u8'}, {'title': '第26集', 'url': 'https://play.modujx11.com/20250413/mV9W1O2a/index.m3u8'}, {'title': '第27集', 'url': 'https://play.modujx11.com/20250420/DAvTtyd2/index.m3u8'}, {'title': '第28集', 'url': 'https://play.modujx11.com/20250427/aa32GTM5/index.m3u8'}, {'title': '第29集', 'url': 'https://play.modujx11.com/20250504/Yp4YnxjQ/index.m3u8'}, {'title': '第30集', 'url': 'https://play.modujx11.com/20250511/aZBORTZy/index.m3u8'}, {'title': '第31集', 'url': 'https://play.modujx11.com/20250518/NpnFRnO1/index.m3u8'}, {'title': '第32集', 'url': 'https://play.modujx11.com/20250525/cQIZUzsT/index.m3u8'}]
2025-05-26 01:09:58,202 - DEBUG - Using WinForms / Chromium
2025-05-26 01:09:59,769 - DEBUG - before_load event fired. injecting pywebview object
2025-05-26 01:09:59,770 - DEBUG - Loading JS files from E:\PycharmProjects\视频网站\.venv\Lib\site-packages\webview\js
2025-05-26 01:09:59,805 - DEBUG - _pywebviewready event fired
2025-05-26 01:09:59,808 - DEBUG - loaded event fired
2025-05-26 01:10:45,120 - INFO - 保存播放历史: 牧神记
2025-05-26 01:10:47,780 - INFO - 保存播放历史: 牧神记
2025-05-26 01:10:50,446 - INFO - 保存播放历史: 牧神记
2025-05-26 01:10:53,093 - INFO - 保存播放历史: 牧神记
2025-05-26 01:10:55,757 - INFO - 保存播放历史: 牧神记
2025-05-26 01:10:58,411 - INFO - 保存播放历史: 牧神记
2025-05-26 01:11:01,059 - INFO - 保存播放历史: 牧神记
2025-05-26 01:11:03,729 - INFO - 保存播放历史: 牧神记
2025-05-26 01:11:06,371 - INFO - 保存播放历史: 牧神记
2025-05-26 01:11:09,029 - INFO - 保存播放历史: 牧神记
2025-05-26 01:11:11,685 - INFO - 保存播放历史: 牧神记
2025-05-26 01:11:14,344 - INFO - 保存播放历史: 牧神记
2025-05-26 01:11:16,997 - INFO - 保存播放历史: 牧神记
2025-05-26 01:11:19,660 - INFO - 保存播放历史: 牧神记
2025-05-26 01:11:22,309 - INFO - 保存播放历史: 牧神记
2025-05-26 01:11:24,979 - INFO - 保存播放历史: 牧神记
2025-05-26 01:11:27,633 - INFO - 保存播放历史: 牧神记
2025-05-26 01:11:30,278 - INFO - 保存播放历史: 牧神记
2025-05-26 01:11:32,940 - INFO - 保存播放历史: 牧神记
2025-05-26 01:11:35,591 - INFO - 保存播放历史: 牧神记
2025-05-26 01:11:38,245 - INFO - 保存播放历史: 牧神记
2025-05-26 01:11:40,902 - INFO - 保存播放历史: 牧神记
2025-05-26 01:11:43,561 - INFO - 保存播放历史: 牧神记
2025-05-26 01:11:46,221 - INFO - 保存播放历史: 牧神记
2025-05-26 01:11:48,878 - INFO - 保存播放历史: 牧神记
2025-05-26 01:11:51,527 - INFO - 保存播放历史: 牧神记
2025-05-26 01:11:54,192 - INFO - 保存播放历史: 牧神记
2025-05-26 01:11:56,845 - INFO - 保存播放历史: 牧神记
2025-05-26 01:12:00,247 - INFO - 保存播放历史: 牧神记
2025-05-26 01:12:03,536 - INFO - 保存播放历史: 牧神记
2025-05-26 01:12:06,504 - INFO - 保存播放历史: 牧神记
2025-05-26 01:12:08,438 - INFO - 保存播放历史: 牧神记
2025-05-26 01:12:11,064 - INFO - 保存播放历史: 牧神记
2025-05-26 01:12:14,047 - INFO - 保存播放历史: 牧神记
2025-05-26 01:12:16,753 - INFO - 保存播放历史: 牧神记
2025-05-26 01:12:19,540 - INFO - 保存播放历史: 牧神记
2025-05-26 01:12:23,263 - INFO - 保存播放历史: 牧神记
2025-05-26 01:12:25,396 - INFO - 保存播放历史: 牧神记
2025-05-26 01:12:28,223 - INFO - 保存播放历史: 牧神记
2025-05-26 01:12:31,656 - INFO - 保存播放历史: 牧神记
2025-05-26 01:12:34,940 - INFO - 保存播放历史: 牧神记
2025-05-26 01:12:38,064 - INFO - 保存播放历史: 牧神记
2025-05-26 01:12:40,839 - INFO - 保存播放历史: 牧神记
2025-05-26 01:12:43,604 - INFO - 保存播放历史: 牧神记
2025-05-26 01:12:46,314 - INFO - 保存播放历史: 牧神记
2025-05-26 01:12:49,085 - INFO - 保存播放历史: 牧神记
2025-05-26 01:12:51,748 - INFO - 保存播放历史: 牧神记
2025-05-26 01:12:54,948 - INFO - 保存播放历史: 牧神记
2025-05-26 01:12:57,359 - INFO - 保存播放历史: 牧神记
2025-05-26 01:13:00,084 - INFO - 保存播放历史: 牧神记
2025-05-26 01:13:04,159 - INFO - 保存播放历史: 牧神记
2025-05-26 01:13:06,663 - INFO - 保存播放历史: 牧神记
2025-05-26 01:13:10,379 - INFO - 保存播放历史: 牧神记
2025-05-26 01:13:12,226 - INFO - 保存播放历史: 牧神记
2025-05-26 01:13:15,169 - INFO - 保存播放历史: 牧神记
2025-05-26 01:13:17,491 - INFO - 保存播放历史: 牧神记
2025-05-26 01:13:20,158 - INFO - 保存播放历史: 牧神记
2025-05-26 01:13:22,857 - INFO - 保存播放历史: 牧神记
2025-05-26 01:13:25,473 - INFO - 保存播放历史: 牧神记
2025-05-26 01:13:28,246 - INFO - 保存播放历史: 牧神记
2025-05-26 01:13:31,299 - INFO - 保存播放历史: 牧神记
2025-05-26 01:13:33,732 - INFO - 保存播放历史: 牧神记
2025-05-26 01:13:36,765 - INFO - 保存播放历史: 牧神记
2025-05-26 01:13:40,586 - INFO - 保存播放历史: 牧神记
2025-05-26 01:13:43,491 - INFO - 保存播放历史: 牧神记
2025-05-26 01:13:48,413 - INFO - 保存播放历史: 牧神记
2025-05-26 01:13:51,007 - INFO - 保存播放历史: 牧神记
2025-05-26 01:13:54,066 - INFO - 保存播放历史: 牧神记
2025-05-26 01:13:57,026 - INFO - 保存播放历史: 牧神记
2025-05-26 01:14:03,255 - INFO - 保存播放历史: 牧神记
2025-05-26 01:14:03,360 - INFO - 保存播放历史: 牧神记
2025-05-26 01:14:05,063 - INFO - 保存播放历史: 牧神记
2025-05-26 01:14:07,615 - INFO - 保存播放历史: 牧神记
2025-05-26 01:14:10,480 - INFO - 保存播放历史: 牧神记
2025-05-26 01:14:12,933 - INFO - 保存播放历史: 牧神记
2025-05-26 01:14:15,590 - INFO - 保存播放历史: 牧神记
2025-05-26 01:14:18,236 - INFO - 保存播放历史: 牧神记
2025-05-26 01:14:20,937 - INFO - 保存播放历史: 牧神记
2025-05-26 01:14:23,554 - INFO - 保存播放历史: 牧神记
2025-05-26 01:14:26,207 - INFO - 保存播放历史: 牧神记
2025-05-26 01:14:28,860 - INFO - 保存播放历史: 牧神记
2025-05-26 01:14:31,517 - INFO - 保存播放历史: 牧神记
2025-05-26 01:14:34,269 - INFO - 保存播放历史: 牧神记
2025-05-26 01:14:37,059 - INFO - 保存播放历史: 牧神记
2025-05-26 01:14:39,483 - INFO - 保存播放历史: 牧神记
2025-05-26 01:14:42,143 - INFO - 保存播放历史: 牧神记
2025-05-26 01:14:44,801 - INFO - 保存播放历史: 牧神记
2025-05-26 01:14:47,451 - INFO - 保存播放历史: 牧神记
2025-05-26 01:14:50,112 - INFO - 保存播放历史: 牧神记
2025-05-26 01:14:52,766 - INFO - 保存播放历史: 牧神记
2025-05-26 01:14:55,418 - INFO - 保存播放历史: 牧神记
2025-05-26 01:14:58,082 - INFO - 保存播放历史: 牧神记
2025-05-26 01:15:00,731 - INFO - 保存播放历史: 牧神记
2025-05-26 01:15:03,399 - INFO - 保存播放历史: 牧神记
2025-05-26 01:15:06,042 - INFO - 保存播放历史: 牧神记
2025-05-26 01:15:08,715 - INFO - 保存播放历史: 牧神记
2025-05-26 01:15:11,355 - INFO - 保存播放历史: 牧神记
2025-05-26 01:15:14,011 - INFO - 保存播放历史: 牧神记
2025-05-26 01:15:16,685 - INFO - 保存播放历史: 牧神记
2025-05-26 01:15:19,324 - INFO - 保存播放历史: 牧神记
2025-05-26 01:15:21,980 - INFO - 保存播放历史: 牧神记
2025-05-26 01:15:24,639 - INFO - 保存播放历史: 牧神记
2025-05-26 01:15:27,300 - INFO - 保存播放历史: 牧神记
2025-05-26 01:15:29,952 - INFO - 保存播放历史: 牧神记
2025-05-26 01:15:32,616 - INFO - 保存播放历史: 牧神记
2025-05-26 01:15:35,262 - INFO - 保存播放历史: 牧神记
2025-05-26 01:15:37,918 - INFO - 保存播放历史: 牧神记
2025-05-26 01:15:40,577 - INFO - 保存播放历史: 牧神记
2025-05-26 01:15:43,229 - INFO - 保存播放历史: 牧神记
2025-05-26 01:15:45,885 - INFO - 保存播放历史: 牧神记
2025-05-26 01:15:48,545 - INFO - 保存播放历史: 牧神记
2025-05-26 01:15:51,198 - INFO - 保存播放历史: 牧神记
2025-05-26 01:15:53,867 - INFO - 保存播放历史: 牧神记
2025-05-26 01:15:56,511 - INFO - 保存播放历史: 牧神记
2025-05-26 01:15:59,172 - INFO - 保存播放历史: 牧神记
2025-05-26 01:16:01,831 - INFO - 保存播放历史: 牧神记
2025-05-26 01:16:04,482 - INFO - 保存播放历史: 牧神记
2025-05-26 01:16:07,138 - INFO - 保存播放历史: 牧神记
2025-05-26 01:16:09,797 - INFO - 保存播放历史: 牧神记
2025-05-26 01:16:12,448 - INFO - 保存播放历史: 牧神记
2025-05-26 01:16:15,110 - INFO - 保存播放历史: 牧神记
2025-05-26 01:16:17,764 - INFO - 保存播放历史: 牧神记
2025-05-26 01:16:20,422 - INFO - 保存播放历史: 牧神记
2025-05-26 01:16:23,076 - INFO - 保存播放历史: 牧神记
2025-05-26 01:16:25,733 - INFO - 保存播放历史: 牧神记
2025-05-26 01:16:28,407 - INFO - 保存播放历史: 牧神记
2025-05-26 01:16:31,050 - INFO - 保存播放历史: 牧神记
2025-05-26 01:16:33,703 - INFO - 保存播放历史: 牧神记
2025-05-26 01:16:36,355 - INFO - 保存播放历史: 牧神记
2025-05-26 01:16:39,030 - INFO - 保存播放历史: 牧神记
2025-05-26 01:16:41,685 - INFO - 保存播放历史: 牧神记
2025-05-26 01:16:44,563 - INFO - 保存播放历史: 牧神记
2025-05-26 01:16:47,214 - INFO - 保存播放历史: 牧神记
2025-05-26 01:16:49,872 - INFO - 保存播放历史: 牧神记
2025-05-26 01:16:52,535 - INFO - 保存播放历史: 牧神记
